https://m.hqporner.com/hdporn/126177-flaming_shades_of_slut.html
